This is pdfTeX, Version 3.141592653-2.6-1.40.25 (MiKTeX 24.1) (preloaded format=pdflatex 2025.11.23)  21 SEP 2026 17:34
entering extended mode
 restricted \write18 enabled.
 %&-line parsing enabled.
**./localized-bost-connes.tex
(localized-bost-connes.tex
LaTeX2e <2023-11-01> patch level 1
L3 programming layer <2024-01-04>
(C:\Users\LAPPIE\AppData\Local\Programs\MiKTeX\tex/latex/amscls\amsbook.cls
Document Class: amsbook 2020/05/29 v2.20.6
\linespacing=\dimen140
\normalparindent=\dimen141
\normaltopskip=\skip48
(C:\Users\LAPPIE\AppData\Local\Programs\MiKTeX\tex/latex/amsmath\amsmath.sty
Package: amsmath 2023/05/13 v2.17o AMS math features
\@mathmargin=\skip49

For additional information on amsmath, use the `?' option.
(C:\Users\LAPPIE\AppData\Local\Programs\MiKTeX\tex/latex/amsmath\amstext.sty
Package: amstext 2021/08/26 v2.01 AMS text

(C:\Users\LAPPIE\AppData\Local\Programs\MiKTeX\tex/latex/amsmath\amsgen.sty
File: amsgen.sty 1999/11/30 v2.0 generic functions
\@emptytoks=\toks17
\ex@=\dimen142
))
(C:\Users\LAPPIE\AppData\Local\Programs\MiKTeX\tex/latex/amsmath\amsbsy.sty
Package: amsbsy 1999/11/29 v1.2d Bold Symbols
\pmbraise@=\dimen143
)
(C:\Users\LAPPIE\AppData\Local\Programs\MiKTeX\tex/latex/amsmath\amsopn.sty
Package: amsopn 2022/04/08 v2.04 operator names
)
\inf@bad=\count187
LaTeX Info: Redefining \frac on input line 234.
\uproot@=\count188
\leftroot@=\count189
LaTeX Info: Redefining \overline on input line 399.
LaTeX Info: Redefining \colon on input line 410.
\classnum@=\count190
\DOTSCASE@=\count191
LaTeX Info: Redefining \ldots on input line 496.
LaTeX Info: Redefining \dots on input line 499.
LaTeX Info: Redefining \cdots on input line 620.
\Mathstrutbox@=\box51
\strutbox@=\box52
LaTeX Info: Redefining \big on input line 722.
LaTeX Info: Redefining \Big on input line 723.
LaTeX Info: Redefining \bigg on input line 724.
LaTeX Info: Redefining \Bigg on input line 725.
\big@size=\dimen144
LaTeX Font Info:    Redeclaring font encoding OML on input line 743.
LaTeX Font Info:    Redeclaring font encoding OMS on input line 744.
\macc@depth=\count192
LaTeX Info: Redefining \bmod on input line 905.
LaTeX Info: Redefining \pmod on input line 910.
LaTeX Info: Redefining \smash on input line 940.
LaTeX Info: Redefining \relbar on input line 970.
LaTeX Info: Redefining \Relbar on input line 971.
\c@MaxMatrixCols=\count193
\dotsspace@=\muskip16
\c@parentequation=\count194
\dspbrk@lvl=\count195
\tag@help=\toks18
\row@=\count196
\column@=\count197
\maxfields@=\count198
\andhelp@=\toks19
\eqnshift@=\dimen145
\alignsep@=\dimen146
\tagshift@=\dimen147
\tagwidth@=\dimen148
\totwidth@=\dimen149
\lineht@=\dimen150
\@envbody=\toks20
\multlinegap=\skip50
\multlinetaggap=\skip51
\mathdisplay@stack=\toks21
LaTeX Info: Redefining \[ on input line 2953.
LaTeX Info: Redefining \] on input line 2954.
)
LaTeX Font Info:    Trying to load font information for U+msa on input line 376
.

(C:\Users\LAPPIE\AppData\Local\Programs\MiKTeX\tex/latex/amsfonts\umsa.fd
File: umsa.fd 2013/01/14 v3.01 AMS symbols A
)
(C:\Users\LAPPIE\AppData\Local\Programs\MiKTeX\tex/latex/amsfonts\amsfonts.sty
Package: amsfonts 2013/01/14 v3.01 Basic AMSFonts support
\symAMSa=\mathgroup4
\symAMSb=\mathgroup5
LaTeX Font Info:    Redeclaring math symbol \hbar on input line 98.
LaTeX Font Info:    Overwriting math alphabet `\mathfrak' in version `bold'
(Font)                  U/euf/m/n --> U/euf/b/n on input line 106.
)
\copyins=\insert199
\abstractbox=\box53
\listisep=\skip52
\c@part=\count266
\c@chapter=\count267
\c@section=\count268
\c@subsection=\count269
\c@subsubsection=\count270
\c@paragraph=\count271
\c@subparagraph=\count272
\c@figure=\count273
\c@table=\count274
\abovecaptionskip=\skip53
\belowcaptionskip=\skip54
\captionindent=\dimen151
\thm@style=\toks22
\thm@bodyfont=\toks23
\thm@headfont=\toks24
\thm@notefont=\toks25
\thm@headpunct=\toks26
\thm@preskip=\skip55
\thm@postskip=\skip56
\thm@headsep=\skip57
\dth@everypar=\toks27
) (C:\Users\LAPPIE\AppData\Local\Programs\MiKTeX\tex/latex/amsfonts\amssymb.sty
Package: amssymb 2013/01/14 v3.01 AMS font symbols
)
(C:\Users\LAPPIE\AppData\Local\Programs\MiKTeX\tex/latex/mathtools\mathtools.st
y
Package: mathtools 2024/10/04 v1.31 mathematical typesetting tools
 (C:\Users\LAPPIE\AppData\Local\Programs\MiKTeX\tex/latex/graphics\keyval.sty
Package: keyval 2022/05/29 v1.15 key=value parser (DPC)
\KV@toks@=\toks28
) (C:\Users\LAPPIE\AppData\Local\Programs\MiKTeX\tex/latex/tools\calc.sty
Package: calc 2023/07/08 v4.3 Infix arithmetic (KKT,FJ)
\calc@Acount=\count275
\calc@Bcount=\count276
\calc@Adimen=\dimen152
\calc@Bdimen=\dimen153
\calc@Askip=\skip58
\calc@Bskip=\skip59
LaTeX Info: Redefining \setlength on input line 80.
LaTeX Info: Redefining \addtolength on input line 81.
\calc@Ccount=\count277
\calc@Cskip=\skip60
)
(C:\Users\LAPPIE\AppData\Local\Programs\MiKTeX\tex/latex/mathtools\mhsetup.sty
Package: mhsetup 2021/03/18 v1.4 programming setup (MH)
)
\g_MT_multlinerow_int=\count278
\l_MT_multwidth_dim=\dimen154
\origjot=\skip61
\l_MT_shortvdotswithinadjustabove_dim=\dimen155
\l_MT_shortvdotswithinadjustbelow_dim=\dimen156
\l_MT_above_intertext_sep=\dimen157
\l_MT_below_intertext_sep=\dimen158
\l_MT_above_shortintertext_sep=\dimen159
\l_MT_below_shortintertext_sep=\dimen160
\xmathstrut@box=\box54
\xmathstrut@dim=\dimen161
)
(C:\Users\LAPPIE\AppData\Local\Programs\MiKTeX\tex/latex/geometry\geometry.sty
Package: geometry 2020/01/02 v5.9 Page Geometry

(C:\Users\LAPPIE\AppData\Local\Programs\MiKTeX\tex/generic/iftex\ifvtex.sty
Package: ifvtex 2019/10/25 v1.7 ifvtex legacy package. Use iftex instead.

(C:\Users\LAPPIE\AppData\Local\Programs\MiKTeX\tex/generic/iftex\iftex.sty
Package: iftex 2022/02/03 v1.0f TeX engine tests
))
\Gm@cnth=\count279
\Gm@cntv=\count280
\c@Gm@tempcnt=\count281
\Gm@bindingoffset=\dimen162
\Gm@wd@mp=\dimen163
\Gm@odd@mp=\dimen164
\Gm@even@mp=\dimen165
\Gm@layoutwidth=\dimen166
\Gm@layoutheight=\dimen167
\Gm@layouthoffset=\dimen168
\Gm@layoutvoffset=\dimen169
\Gm@dimlist=\toks29

(C:\Users\LAPPIE\AppData\Local\Programs\MiKTeX\tex/latex/geometry\geometry.cfg)
) (C:\Users\LAPPIE\AppData\Local\Programs\MiKTeX\tex/latex/tools\longtable.sty
Package: longtable 2023-11-01 v4.19 Multi-page Table package (DPC)
\LTleft=\skip62
\LTright=\skip63
\LTpre=\skip64
\LTpost=\skip65
\LTchunksize=\count282
\LTcapwidth=\dimen170
\LT@head=\box55
\LT@firsthead=\box56
\LT@foot=\box57
\LT@lastfoot=\box58
\LT@gbox=\box59
\LT@cols=\count283
\LT@rows=\count284
\c@LT@tables=\count285
\c@LT@chunks=\count286
\LT@p@ftn=\toks30
) (C:\Users\LAPPIE\AppData\Local\Programs\MiKTeX\tex/latex/graphics\graphicx.st
y
Package: graphicx 2021/09/16 v1.2d Enhanced LaTeX Graphics (DPC,SPQR)
(C:\Users\LAPPIE\AppData\Local\Programs\MiKTeX\tex/latex/graphics\graphics.sty
Package: graphics 2022/03/10 v1.4e Standard LaTeX Graphics (DPC,SPQR)

(C:\Users\LAPPIE\AppData\Local\Programs\MiKTeX\tex/latex/graphics\trig.sty
Package: trig 2021/08/11 v1.11 sin cos tan (DPC)
)
(C:\Users\LAPPIE\AppData\Local\Programs\MiKTeX\tex/latex/graphics-cfg\graphics.
cfg
File: graphics.cfg 2016/06/04 v1.11 sample graphics configuration
)
Package graphics Info: Driver file: pdftex.def on input line 107.

(C:\Users\LAPPIE\AppData\Local\Programs\MiKTeX\tex/latex/graphics-def\pdftex.de
f
File: pdftex.def 2022/09/22 v1.2b Graphics/color driver for pdftex
))
\Gin@req@height=\dimen171
\Gin@req@width=\dimen172
)
(C:\Users\LAPPIE\AppData\Local\Programs\MiKTeX\tex/latex/pgf/frontendlayer\tikz
.sty
(C:\Users\LAPPIE\AppData\Local\Programs\MiKTeX\tex/latex/pgf/basiclayer\pgf.sty

(C:\Users\LAPPIE\AppData\Local\Programs\MiKTeX\tex/latex/pgf/utilities\pgfrcs.s
ty
(C:\Users\LAPPIE\AppData\Local\Programs\MiKTeX\tex/generic/pgf/utilities\pgfuti
l-common.tex
\pgfutil@everybye=\toks31
\pgfutil@tempdima=\dimen173
\pgfutil@tempdimb=\dimen174
)
(C:\Users\LAPPIE\AppData\Local\Programs\MiKTeX\tex/generic/pgf/utilities\pgfuti
l-latex.def
\pgfutil@abb=\box60
)
(C:\Users\LAPPIE\AppData\Local\Programs\MiKTeX\tex/generic/pgf/utilities\pgfrcs
.code.tex
(C:\Users\LAPPIE\AppData\Local\Programs\MiKTeX\tex/generic/pgf\pgf.revision.tex
)
Package: pgfrcs 2023-01-15 v3.1.10 (3.1.10)
))
Package: pgf 2023-01-15 v3.1.10 (3.1.10)

(C:\Users\LAPPIE\AppData\Local\Programs\MiKTeX\tex/latex/pgf/basiclayer\pgfcore
.sty
(C:\Users\LAPPIE\AppData\Local\Programs\MiKTeX\tex/latex/pgf/systemlayer\pgfsys
.sty
(C:\Users\LAPPIE\AppData\Local\Programs\MiKTeX\tex/generic/pgf/systemlayer\pgfs
ys.code.tex
Package: pgfsys 2023-01-15 v3.1.10 (3.1.10)

(C:\Users\LAPPIE\AppData\Local\Programs\MiKTeX\tex/generic/pgf/utilities\pgfkey
s.code.tex
\pgfkeys@pathtoks=\toks32
\pgfkeys@temptoks=\toks33

(C:\Users\LAPPIE\AppData\Local\Programs\MiKTeX\tex/generic/pgf/utilities\pgfkey
slibraryfiltered.code.tex
\pgfkeys@tmptoks=\toks34
))
\pgf@x=\dimen175
\pgf@y=\dimen176
\pgf@xa=\dimen177
\pgf@ya=\dimen178
\pgf@xb=\dimen179
\pgf@yb=\dimen180
\pgf@xc=\dimen181
\pgf@yc=\dimen182
\pgf@xd=\dimen183
\pgf@yd=\dimen184
\w@pgf@writea=\write3
\r@pgf@reada=\read2
\c@pgf@counta=\count287
\c@pgf@countb=\count288
\c@pgf@countc=\count289
\c@pgf@countd=\count290
\t@pgf@toka=\toks35
\t@pgf@tokb=\toks36
\t@pgf@tokc=\toks37
\pgf@sys@id@count=\count291

(C:\Users\LAPPIE\AppData\Local\Programs\MiKTeX\tex/generic/pgf/systemlayer\pgf.
cfg
File: pgf.cfg 2023-01-15 v3.1.10 (3.1.10)
)
Driver file for pgf: pgfsys-pdftex.def

(C:\Users\LAPPIE\AppData\Local\Programs\MiKTeX\tex/generic/pgf/systemlayer\pgfs
ys-pdftex.def
File: pgfsys-pdftex.def 2023-01-15 v3.1.10 (3.1.10)

(C:\Users\LAPPIE\AppData\Local\Programs\MiKTeX\tex/generic/pgf/systemlayer\pgfs
ys-common-pdf.def
File: pgfsys-common-pdf.def 2023-01-15 v3.1.10 (3.1.10)
)))
(C:\Users\LAPPIE\AppData\Local\Programs\MiKTeX\tex/generic/pgf/systemlayer\pgfs
yssoftpath.code.tex
File: pgfsyssoftpath.code.tex 2023-01-15 v3.1.10 (3.1.10)
\pgfsyssoftpath@smallbuffer@items=\count292
\pgfsyssoftpath@bigbuffer@items=\count293
)
(C:\Users\LAPPIE\AppData\Local\Programs\MiKTeX\tex/generic/pgf/systemlayer\pgfs
ysprotocol.code.tex
File: pgfsysprotocol.code.tex 2023-01-15 v3.1.10 (3.1.10)
))
(C:\Users\LAPPIE\AppData\Local\Programs\MiKTeX\tex/latex/xcolor\xcolor.sty
Package: xcolor 2023/11/15 v3.01 LaTeX color extensions (UK)

(C:\Users\LAPPIE\AppData\Local\Programs\MiKTeX\tex/latex/graphics-cfg\color.cfg
File: color.cfg 2016/01/02 v1.6 sample color configuration
)
Package xcolor Info: Driver file: pdftex.def on input line 274.

(C:\Users\LAPPIE\AppData\Local\Programs\MiKTeX\tex/latex/graphics\mathcolor.ltx
)
Package xcolor Info: Model `cmy' substituted by `cmy0' on input line 1350.
Package xcolor Info: Model `hsb' substituted by `rgb' on input line 1354.
Package xcolor Info: Model `RGB' extended on input line 1366.
Package xcolor Info: Model `HTML' substituted by `rgb' on input line 1368.
Package xcolor Info: Model `Hsb' substituted by `hsb' on input line 1369.
Package xcolor Info: Model `tHsb' substituted by `hsb' on input line 1370.
Package xcolor Info: Model `HSB' substituted by `hsb' on input line 1371.
Package xcolor Info: Model `Gray' substituted by `gray' on input line 1372.
Package xcolor Info: Model `wave' substituted by `hsb' on input line 1373.
)
(C:\Users\LAPPIE\AppData\Local\Programs\MiKTeX\tex/generic/pgf/basiclayer\pgfco
re.code.tex
Package: pgfcore 2023-01-15 v3.1.10 (3.1.10)

(C:\Users\LAPPIE\AppData\Local\Programs\MiKTeX\tex/generic/pgf/math\pgfmath.cod
e.tex
(C:\Users\LAPPIE\AppData\Local\Programs\MiKTeX\tex/generic/pgf/math\pgfmathutil
.code.tex)
(C:\Users\LAPPIE\AppData\Local\Programs\MiKTeX\tex/generic/pgf/math\pgfmathpars
er.code.tex
\pgfmath@dimen=\dimen185
\pgfmath@count=\count294
\pgfmath@box=\box61
\pgfmath@toks=\toks38
\pgfmath@stack@operand=\toks39
\pgfmath@stack@operation=\toks40
)
(C:\Users\LAPPIE\AppData\Local\Programs\MiKTeX\tex/generic/pgf/math\pgfmathfunc
tions.code.tex)
(C:\Users\LAPPIE\AppData\Local\Programs\MiKTeX\tex/generic/pgf/math\pgfmathfunc
tions.basic.code.tex)
(C:\Users\LAPPIE\AppData\Local\Programs\MiKTeX\tex/generic/pgf/math\pgfmathfunc
tions.trigonometric.code.tex)
(C:\Users\LAPPIE\AppData\Local\Programs\MiKTeX\tex/generic/pgf/math\pgfmathfunc
tions.random.code.tex)
(C:\Users\LAPPIE\AppData\Local\Programs\MiKTeX\tex/generic/pgf/math\pgfmathfunc
tions.comparison.code.tex)
(C:\Users\LAPPIE\AppData\Local\Programs\MiKTeX\tex/generic/pgf/math\pgfmathfunc
tions.base.code.tex)
(C:\Users\LAPPIE\AppData\Local\Programs\MiKTeX\tex/generic/pgf/math\pgfmathfunc
tions.round.code.tex)
(C:\Users\LAPPIE\AppData\Local\Programs\MiKTeX\tex/generic/pgf/math\pgfmathfunc
tions.misc.code.tex)
(C:\Users\LAPPIE\AppData\Local\Programs\MiKTeX\tex/generic/pgf/math\pgfmathfunc
tions.integerarithmetics.code.tex)
(C:\Users\LAPPIE\AppData\Local\Programs\MiKTeX\tex/generic/pgf/math\pgfmathcalc
.code.tex)
(C:\Users\LAPPIE\AppData\Local\Programs\MiKTeX\tex/generic/pgf/math\pgfmathfloa
t.code.tex
\c@pgfmathroundto@lastzeros=\count295
))
(C:\Users\LAPPIE\AppData\Local\Programs\MiKTeX\tex/generic/pgf/math\pgfint.code
.tex)
(C:\Users\LAPPIE\AppData\Local\Programs\MiKTeX\tex/generic/pgf/basiclayer\pgfco
repoints.code.tex
File: pgfcorepoints.code.tex 2023-01-15 v3.1.10 (3.1.10)
\pgf@picminx=\dimen186
\pgf@picmaxx=\dimen187
\pgf@picminy=\dimen188
\pgf@picmaxy=\dimen189
\pgf@pathminx=\dimen190
\pgf@pathmaxx=\dimen191
\pgf@pathminy=\dimen192
\pgf@pathmaxy=\dimen193
\pgf@xx=\dimen194
\pgf@xy=\dimen195
\pgf@yx=\dimen196
\pgf@yy=\dimen197
\pgf@zx=\dimen198
\pgf@zy=\dimen256
)
(C:\Users\LAPPIE\AppData\Local\Programs\MiKTeX\tex/generic/pgf/basiclayer\pgfco
repathconstruct.code.tex
File: pgfcorepathconstruct.code.tex 2023-01-15 v3.1.10 (3.1.10)
\pgf@path@lastx=\dimen257
\pgf@path@lasty=\dimen258
)
(C:\Users\LAPPIE\AppData\Local\Programs\MiKTeX\tex/generic/pgf/basiclayer\pgfco
repathusage.code.tex
File: pgfcorepathusage.code.tex 2023-01-15 v3.1.10 (3.1.10)
\pgf@shorten@end@additional=\dimen259
\pgf@shorten@start@additional=\dimen260
)
(C:\Users\LAPPIE\AppData\Local\Programs\MiKTeX\tex/generic/pgf/basiclayer\pgfco
rescopes.code.tex
File: pgfcorescopes.code.tex 2023-01-15 v3.1.10 (3.1.10)
\pgfpic=\box62
\pgf@hbox=\box63
\pgf@layerbox@main=\box64
\pgf@picture@serial@count=\count296
)
(C:\Users\LAPPIE\AppData\Local\Programs\MiKTeX\tex/generic/pgf/basiclayer\pgfco
regraphicstate.code.tex
File: pgfcoregraphicstate.code.tex 2023-01-15 v3.1.10 (3.1.10)
\pgflinewidth=\dimen261
)
(C:\Users\LAPPIE\AppData\Local\Programs\MiKTeX\tex/generic/pgf/basiclayer\pgfco
retransformations.code.tex
File: pgfcoretransformations.code.tex 2023-01-15 v3.1.10 (3.1.10)
\pgf@pt@x=\dimen262
\pgf@pt@y=\dimen263
\pgf@pt@temp=\dimen264
)
(C:\Users\LAPPIE\AppData\Local\Programs\MiKTeX\tex/generic/pgf/basiclayer\pgfco
requick.code.tex
File: pgfcorequick.code.tex 2023-01-15 v3.1.10 (3.1.10)
)
(C:\Users\LAPPIE\AppData\Local\Programs\MiKTeX\tex/generic/pgf/basiclayer\pgfco
reobjects.code.tex
File: pgfcoreobjects.code.tex 2023-01-15 v3.1.10 (3.1.10)
)
(C:\Users\LAPPIE\AppData\Local\Programs\MiKTeX\tex/generic/pgf/basiclayer\pgfco
repathprocessing.code.tex
File: pgfcorepathprocessing.code.tex 2023-01-15 v3.1.10 (3.1.10)
)
(C:\Users\LAPPIE\AppData\Local\Programs\MiKTeX\tex/generic/pgf/basiclayer\pgfco
rearrows.code.tex
File: pgfcorearrows.code.tex 2023-01-15 v3.1.10 (3.1.10)
\pgfarrowsep=\dimen265
)
(C:\Users\LAPPIE\AppData\Local\Programs\MiKTeX\tex/generic/pgf/basiclayer\pgfco
reshade.code.tex
File: pgfcoreshade.code.tex 2023-01-15 v3.1.10 (3.1.10)
\pgf@max=\dimen266
\pgf@sys@shading@range@num=\count297
\pgf@shadingcount=\count298
)
(C:\Users\LAPPIE\AppData\Local\Programs\MiKTeX\tex/generic/pgf/basiclayer\pgfco
reimage.code.tex
File: pgfcoreimage.code.tex 2023-01-15 v3.1.10 (3.1.10)
)
(C:\Users\LAPPIE\AppData\Local\Programs\MiKTeX\tex/generic/pgf/basiclayer\pgfco
reexternal.code.tex
File: pgfcoreexternal.code.tex 2023-01-15 v3.1.10 (3.1.10)
\pgfexternal@startupbox=\box65
)
(C:\Users\LAPPIE\AppData\Local\Programs\MiKTeX\tex/generic/pgf/basiclayer\pgfco
relayers.code.tex
File: pgfcorelayers.code.tex 2023-01-15 v3.1.10 (3.1.10)
)
(C:\Users\LAPPIE\AppData\Local\Programs\MiKTeX\tex/generic/pgf/basiclayer\pgfco
retransparency.code.tex
File: pgfcoretransparency.code.tex 2023-01-15 v3.1.10 (3.1.10)
)
(C:\Users\LAPPIE\AppData\Local\Programs\MiKTeX\tex/generic/pgf/basiclayer\pgfco
repatterns.code.tex
File: pgfcorepatterns.code.tex 2023-01-15 v3.1.10 (3.1.10)
)
(C:\Users\LAPPIE\AppData\Local\Programs\MiKTeX\tex/generic/pgf/basiclayer\pgfco
rerdf.code.tex
File: pgfcorerdf.code.tex 2023-01-15 v3.1.10 (3.1.10)
)))
(C:\Users\LAPPIE\AppData\Local\Programs\MiKTeX\tex/generic/pgf/modules\pgfmodul
eshapes.code.tex
File: pgfmoduleshapes.code.tex 2023-01-15 v3.1.10 (3.1.10)
\pgfnodeparttextbox=\box66
)
(C:\Users\LAPPIE\AppData\Local\Programs\MiKTeX\tex/generic/pgf/modules\pgfmodul
eplot.code.tex
File: pgfmoduleplot.code.tex 2023-01-15 v3.1.10 (3.1.10)
)
(C:\Users\LAPPIE\AppData\Local\Programs\MiKTeX\tex/latex/pgf/compatibility\pgfc
omp-version-0-65.sty
Package: pgfcomp-version-0-65 2023-01-15 v3.1.10 (3.1.10)
\pgf@nodesepstart=\dimen267
\pgf@nodesepend=\dimen268
)
(C:\Users\LAPPIE\AppData\Local\Programs\MiKTeX\tex/latex/pgf/compatibility\pgfc
omp-version-1-18.sty
Package: pgfcomp-version-1-18 2023-01-15 v3.1.10 (3.1.10)
))
(C:\Users\LAPPIE\AppData\Local\Programs\MiKTeX\tex/latex/pgf/utilities\pgffor.s
ty
(C:\Users\LAPPIE\AppData\Local\Programs\MiKTeX\tex/latex/pgf/utilities\pgfkeys.
sty
(C:\Users\LAPPIE\AppData\Local\Programs\MiKTeX\tex/generic/pgf/utilities\pgfkey
s.code.tex))
(C:\Users\LAPPIE\AppData\Local\Programs\MiKTeX\tex/latex/pgf/math\pgfmath.sty
(C:\Users\LAPPIE\AppData\Local\Programs\MiKTeX\tex/generic/pgf/math\pgfmath.cod
e.tex))
(C:\Users\LAPPIE\AppData\Local\Programs\MiKTeX\tex/generic/pgf/utilities\pgffor
.code.tex
Package: pgffor 2023-01-15 v3.1.10 (3.1.10)
\pgffor@iter=\dimen269
\pgffor@skip=\dimen270
\pgffor@stack=\toks41
\pgffor@toks=\toks42
))
(C:\Users\LAPPIE\AppData\Local\Programs\MiKTeX\tex/generic/pgf/frontendlayer/ti
kz\tikz.code.tex
Package: tikz 2023-01-15 v3.1.10 (3.1.10)

(C:\Users\LAPPIE\AppData\Local\Programs\MiKTeX\tex/generic/pgf/libraries\pgflib
raryplothandlers.code.tex
File: pgflibraryplothandlers.code.tex 2023-01-15 v3.1.10 (3.1.10)
\pgf@plot@mark@count=\count299
\pgfplotmarksize=\dimen271
)
\tikz@lastx=\dimen272
\tikz@lasty=\dimen273
\tikz@lastxsaved=\dimen274
\tikz@lastysaved=\dimen275
\tikz@lastmovetox=\dimen276
\tikz@lastmovetoy=\dimen277
\tikzleveldistance=\dimen278
\tikzsiblingdistance=\dimen279
\tikz@figbox=\box67
\tikz@figbox@bg=\box68
\tikz@tempbox=\box69
\tikz@tempbox@bg=\box70
\tikztreelevel=\count300
\tikznumberofchildren=\count301
\tikznumberofcurrentchild=\count302
\tikz@fig@count=\count303

(C:\Users\LAPPIE\AppData\Local\Programs\MiKTeX\tex/generic/pgf/modules\pgfmodul
ematrix.code.tex
File: pgfmodulematrix.code.tex 2023-01-15 v3.1.10 (3.1.10)
\pgfmatrixcurrentrow=\count304
\pgfmatrixcurrentcolumn=\count305
\pgf@matrix@numberofcolumns=\count306
)
\tikz@expandcount=\count307

(C:\Users\LAPPIE\AppData\Local\Programs\MiKTeX\tex/generic/pgf/frontendlayer/ti
kz/libraries\tikzlibrarytopaths.code.tex
File: tikzlibrarytopaths.code.tex 2023-01-15 v3.1.10 (3.1.10)
)))
(C:\Users\LAPPIE\AppData\Local\Programs\MiKTeX\tex/generic/pgf/libraries\pgflib
raryarrows.meta.code.tex
File: pgflibraryarrows.meta.code.tex 2023-01-15 v3.1.10 (3.1.10)
\pgfarrowinset=\dimen280
\pgfarrowlength=\dimen281
\pgfarrowwidth=\dimen282
\pgfarrowlinewidth=\dimen283
)
(C:\Users\LAPPIE\AppData\Local\Programs\MiKTeX\tex/generic/pgf/frontendlayer/ti
kz/libraries\tikzlibrarypositioning.code.tex
File: tikzlibrarypositioning.code.tex 2023-01-15 v3.1.10 (3.1.10)
)
(C:\Users\LAPPIE\AppData\Local\Programs\MiKTeX\tex/generic/pgf/frontendlayer/ti
kz/libraries\tikzlibrarycalc.code.tex
File: tikzlibrarycalc.code.tex 2023-01-15 v3.1.10 (3.1.10)
)
(C:\Users\LAPPIE\AppData\Local\Programs\MiKTeX\tex/latex/hyperref\hyperref.sty
Package: hyperref 2023-11-26 v7.01g Hypertext links for LaTeX

(C:\Users\LAPPIE\AppData\Local\Programs\MiKTeX\tex/generic/infwarerr\infwarerr.
sty
Package: infwarerr 2019/12/03 v1.5 Providing info/warning/error messages (HO)
)
(C:\Users\LAPPIE\AppData\Local\Programs\MiKTeX\tex/latex/kvsetkeys\kvsetkeys.st
y
Package: kvsetkeys 2022-10-05 v1.19 Key value parser (HO)
)
(C:\Users\LAPPIE\AppData\Local\Programs\MiKTeX\tex/generic/kvdefinekeys\kvdefin
ekeys.sty
Package: kvdefinekeys 2019-12-19 v1.6 Define keys (HO)
)
(C:\Users\LAPPIE\AppData\Local\Programs\MiKTeX\tex/generic/pdfescape\pdfescape.
sty
Package: pdfescape 2019/12/09 v1.15 Implements pdfTeX's escape features (HO)

(C:\Users\LAPPIE\AppData\Local\Programs\MiKTeX\tex/generic/ltxcmds\ltxcmds.sty
Package: ltxcmds 2023-12-04 v1.26 LaTeX kernel commands for general use (HO)
)
(C:\Users\LAPPIE\AppData\Local\Programs\MiKTeX\tex/generic/pdftexcmds\pdftexcmd
s.sty
Package: pdftexcmds 2020-06-27 v0.33 Utility functions of pdfTeX for LuaTeX (HO
)
Package pdftexcmds Info: \pdf@primitive is available.
Package pdftexcmds Info: \pdf@ifprimitive is available.
Package pdftexcmds Info: \pdfdraftmode found.
))
(C:\Users\LAPPIE\AppData\Local\Programs\MiKTeX\tex/latex/hycolor\hycolor.sty
Package: hycolor 2020-01-27 v1.10 Color options for hyperref/bookmark (HO)
)
(C:\Users\LAPPIE\AppData\Local\Programs\MiKTeX\tex/latex/letltxmacro\letltxmacr
o.sty
Package: letltxmacro 2019/12/03 v1.6 Let assignment for LaTeX macros (HO)
)
(C:\Users\LAPPIE\AppData\Local\Programs\MiKTeX\tex/latex/auxhook\auxhook.sty
Package: auxhook 2019-12-17 v1.6 Hooks for auxiliary files (HO)
)
(C:\Users\LAPPIE\AppData\Local\Programs\MiKTeX\tex/latex/hyperref\nameref.sty
Package: nameref 2023-11-26 v2.56 Cross-referencing by name of section

(C:\Users\LAPPIE\AppData\Local\Programs\MiKTeX\tex/latex/refcount\refcount.sty
Package: refcount 2019/12/15 v3.6 Data extraction from label references (HO)
)
(C:\Users\LAPPIE\AppData\Local\Programs\MiKTeX\tex/generic/gettitlestring\getti
tlestring.sty
Package: gettitlestring 2019/12/15 v1.6 Cleanup title references (HO)

(C:\Users\LAPPIE\AppData\Local\Programs\MiKTeX\tex/latex/kvoptions\kvoptions.st
y
Package: kvoptions 2022-06-15 v3.15 Key value format for package options (HO)
))
\c@section@level=\count308
)
(C:\Users\LAPPIE\AppData\Local\Programs\MiKTeX\tex/latex/etoolbox\etoolbox.sty
Package: etoolbox 2020/10/05 v2.5k e-TeX tools for LaTeX (JAW)
\etb@tempcnta=\count309
)
\@linkdim=\dimen284
\Hy@linkcounter=\count310
\Hy@pagecounter=\count311
(C:\Users\LAPPIE\AppData\Local\Programs\MiKTeX\tex/latex/hyperref\pd1enc.def
File: pd1enc.def 2023-11-26 v7.01g Hyperref: PDFDocEncoding definition (HO)
Now handling font encoding PD1 ...
... no UTF-8 mapping file for font encoding PD1
)
(C:\Users\LAPPIE\AppData\Local\Programs\MiKTeX\tex/generic/intcalc\intcalc.sty
Package: intcalc 2019/12/15 v1.3 Expandable calculations with integers (HO)
)
\Hy@SavedSpaceFactor=\count312
(C:\Users\LAPPIE\AppData\Local\Programs\MiKTeX\tex/latex/hyperref\puenc.def
File: puenc.def 2023-11-26 v7.01g Hyperref: PDF Unicode definition (HO)
Now handling font encoding PU ...
... no UTF-8 mapping file for font encoding PU
)
Package hyperref Info: Option `bookmarks' set `false' on input line 4064.
Package hyperref Info: Hyper figures OFF on input line 4181.
Package hyperref Info: Link nesting OFF on input line 4186.
Package hyperref Info: Hyper index ON on input line 4189.
Package hyperref Info: Plain pages OFF on input line 4196.
Package hyperref Info: Backreferencing OFF on input line 4201.
Package hyperref Info: Implicit mode ON; LaTeX internals redefined.
Package hyperref Info: Bookmarks OFF on input line 4454.
\c@Hy@tempcnt=\count313

(C:\Users\LAPPIE\AppData\Local\Programs\MiKTeX\tex/latex/url\url.sty
\Urlmuskip=\muskip17
Package: url 2013/09/16  ver 3.4  Verb mode for urls, etc.
)
LaTeX Info: Redefining \url on input line 4786.
\XeTeXLinkMargin=\dimen285

(C:\Users\LAPPIE\AppData\Local\Programs\MiKTeX\tex/generic/bitset\bitset.sty
Package: bitset 2019/12/09 v1.3 Handle bit-vector datatype (HO)

(C:\Users\LAPPIE\AppData\Local\Programs\MiKTeX\tex/generic/bigintcalc\bigintcal
c.sty
Package: bigintcalc 2019/12/15 v1.5 Expandable calculations on big integers (HO
)
))
\Fld@menulength=\count314
\Field@Width=\dimen286
\Fld@charsize=\dimen287
Package hyperref Info: Hyper figures OFF on input line 6065.
Package hyperref Info: Link nesting OFF on input line 6070.
Package hyperref Info: Hyper index ON on input line 6073.
Package hyperref Info: backreferencing OFF on input line 6080.
Package hyperref Info: Link coloring OFF on input line 6085.
Package hyperref Info: Link coloring with OCG OFF on input line 6090.
Package hyperref Info: PDF/A mode OFF on input line 6095.

(C:\Users\LAPPIE\AppData\Local\Programs\MiKTeX\tex/latex/base\atbegshi-ltx.sty
Package: atbegshi-ltx 2021/01/10 v1.0c Emulation of the original atbegshi
package with kernel methods
)
\Hy@abspage=\count315
\c@Item=\count316
\c@Hfootnote=\count317
)
Package hyperref Info: Driver (autodetected): hpdftex.
 (C:\Users\LAPPIE\AppData\Local\Programs\MiKTeX\tex/latex/hyperref\hpdftex.def
File: hpdftex.def 2023-11-26 v7.01g Hyperref driver for pdfTeX

(C:\Users\LAPPIE\AppData\Local\Programs\MiKTeX\tex/latex/base\atveryend-ltx.sty
Package: atveryend-ltx 2020/08/19 v1.0a Emulation of the original atveryend pac
kage
with kernel methods
)
\Fld@listcount=\count318
\c@bookmark@seq@number=\count319

(C:\Users\LAPPIE\AppData\Local\Programs\MiKTeX\tex/latex/rerunfilecheck\rerunfi
lecheck.sty
Package: rerunfilecheck 2025-06-21 v1.11 Rerun checks for auxiliary files (HO)

(C:\Users\LAPPIE\AppData\Local\Programs\MiKTeX\tex/generic/uniquecounter\unique
counter.sty
Package: uniquecounter 2019/12/15 v1.4 Provide unlimited unique counter (HO)
)
Package uniquecounter Info: New unique counter `rerunfilecheck' on input line 2
84.
)
\Hy@SectionHShift=\skip66
)
\c@theorem=\count320
 (generated/macros.tex)
(C:\Users\LAPPIE\AppData\Local\Programs\MiKTeX\tex/latex/l3backend\l3backend-pd
ftex.def
File: l3backend-pdftex.def 2024-01-04 L3 backend support: PDF output (pdfTeX)
\l__color_backend_stack_int=\count321
\l__pdf_internal_box=\box71
) (localized-bost-connes.aux)
\openout1 = `localized-bost-connes.aux'.

LaTeX Font Info:    Checking defaults for OML/cmm/m/it on input line 48.
LaTeX Font Info:    ... okay on input line 48.
LaTeX Font Info:    Checking defaults for OMS/cmsy/m/n on input line 48.
LaTeX Font Info:    ... okay on input line 48.
LaTeX Font Info:    Checking defaults for OT1/cmr/m/n on input line 48.
LaTeX Font Info:    ... okay on input line 48.
LaTeX Font Info:    Checking defaults for T1/cmr/m/n on input line 48.
LaTeX Font Info:    ... okay on input line 48.
LaTeX Font Info:    Checking defaults for TS1/cmr/m/n on input line 48.
LaTeX Font Info:    ... okay on input line 48.
LaTeX Font Info:    Checking defaults for OMX/cmex/m/n on input line 48.
LaTeX Font Info:    ... okay on input line 48.
LaTeX Font Info:    Checking defaults for U/cmr/m/n on input line 48.
LaTeX Font Info:    ... okay on input line 48.
LaTeX Font Info:    Checking defaults for PD1/pdf/m/n on input line 48.
LaTeX Font Info:    ... okay on input line 48.
LaTeX Font Info:    Checking defaults for PU/pdf/m/n on input line 48.
LaTeX Font Info:    ... okay on input line 48.
LaTeX Font Info:    Trying to load font information for U+msa on input line 48.


(C:\Users\LAPPIE\AppData\Local\Programs\MiKTeX\tex/latex/amsfonts\umsa.fd
File: umsa.fd 2013/01/14 v3.01 AMS symbols A
)
LaTeX Font Info:    Trying to load font information for U+msb on input line 48.


(C:\Users\LAPPIE\AppData\Local\Programs\MiKTeX\tex/latex/amsfonts\umsb.fd
File: umsb.fd 2013/01/14 v3.01 AMS symbols B
)
*geometry* driver: auto-detecting
*geometry* detected driver: pdftex
*geometry* verbose mode - [ preamble ] result:
* driver: pdftex
* paper: <default>
* layout: <same size as paper>
* layoutoffset:(h,v)=(0.0pt,0.0pt)
* modes: 
* h-part:(L,W,R)=(75.88371pt, 462.52757pt, 75.88371pt)
* v-part:(T,H,B)=(75.88371pt, 643.20256pt, 75.88371pt)
* \paperwidth=614.295pt
* \paperheight=794.96999pt
* \textwidth=462.52757pt
* \textheight=643.20256pt
* \oddsidemargin=3.61372pt
* \evensidemargin=3.61372pt
* \topmargin=-18.38628pt
* \headheight=8.0pt
* \headsep=14.0pt
* \topskip=10.0pt
* \footskip=18.0pt
* \marginparwidth=90.0pt
* \marginparsep=11.0pt
* \columnsep=10.0pt
* \skip\footins=7.0pt plus 11.0pt
* \hoffset=0.0pt
* \voffset=0.0pt
* \mag=1000
* \@twocolumnfalse
* \@twosidefalse
* \@mparswitchfalse
* \@reversemarginfalse
* (1in=72.27pt=25.4mm, 1cm=28.453pt)


(C:\Users\LAPPIE\AppData\Local\Programs\MiKTeX\tex/context/base/mkii\supp-pdf.m
kii
[Loading MPS to PDF converter (version 2006.09.02).]
\scratchcounter=\count322
\scratchdimen=\dimen288
\scratchbox=\box72
\nofMPsegments=\count323
\nofMParguments=\count324
\everyMPshowfont=\toks43
\MPscratchCnt=\count325
\MPscratchDim=\dimen289
\MPnumerator=\count326
\makeMPintoPDFobject=\count327
\everyMPtoPDFconversion=\toks44
)
(C:\Users\LAPPIE\AppData\Local\Programs\MiKTeX\tex/latex/epstopdf-pkg\epstopdf-
base.sty
Package: epstopdf-base 2020-01-24 v2.11 Base part for package epstopdf
Package epstopdf-base Info: Redefining graphics rule for `.eps' on input line 4
85.

(C:\Users\LAPPIE\AppData\Local\Programs\MiKTeX\tex/latex/00miktex\epstopdf-sys.
cfg
File: epstopdf-sys.cfg 2021/03/18 v2.0 Configuration of epstopdf for MiKTeX
))
Package hyperref Info: Link coloring OFF on input line 48.
 [1




{C:/Users/LAPPIE/AppData/Local/MiKTeX/fonts/map/pdftex/pdftex.map}]
[2]
Contents
(localized-bost-connes.toc [3


]
Underfull \vbox (badness 1062) has occurred while \output is active []

 [4]
Underfull \vbox (badness 3189) has occurred while \output is active []

 [5]
[6] [7] [8]
LaTeX Font Info:    Trying to load font information for U+euf on input line 261
.

(C:\Users\LAPPIE\AppData\Local\Programs\MiKTeX\tex/latex/amsfonts\ueuf.fd
File: ueuf.fd 2013/01/14 v3.01 Euler Fraktur
)
[9])
\tf@toc=\write4
\openout4 = `localized-bost-connes.toc'.

 [10] (frontmatter/preface.tex
Preface

Underfull \vbox (badness 10000) has occurred while \output is active []

 [11


]
[12]
Acknowledgements
) (frontmatter/guide.tex [13


]
Reading guide
(generated/guide.tex
Underfull \hbox (badness 10000) in paragraph at lines 15--16
[]|$\OT1/cmtt/m/n/9 papers / XXXVII -[] cone -[]
 []


Underfull \hbox (badness 1226) in paragraph at lines 19--19
[]|\OT1/cmr/m/n/9 Integral equi-vari-ant K-theory of the in-ert lo-cal
 []


Underfull \hbox (badness 10000) in paragraph at lines 19--20
[]|$\OT1/cmtt/m/n/9 papers / XXXVIII -[] inert -[]
 []


Underfull \hbox (badness 10000) in paragraph at lines 23--24
[]|$\OT1/cmtt/m/n/9 papers / XXVII -[] nonabelian -[]
 []


Underfull \hbox (badness 10000) in paragraph at lines 25--26
[]|$\OT1/cmtt/m/n/9 papers / XXXVI -[] angular -[]
 []


Underfull \hbox (badness 7238) in paragraph at lines 32--32
[]|\OT1/cmr/m/n/9 Condition (C4) and the nested/partition di-
 []


Underfull \hbox (badness 10000) in paragraph at lines 36--37
[]|$\OT1/cmtt/m/n/9 papers / VIII -[] arithmetic -[]
 []


Underfull \hbox (badness 10000) in paragraph at lines 37--38
[]|$\OT1/cmtt/m/n/9 papers / XVII -[] function -[]
 []


Underfull \hbox (badness 10000) in paragraph at lines 38--39
[]|$\OT1/cmtt/m/n/9 papers / XVIII -[] equivariant -[]
 []

[14


] [15]) (generated/dependencies.tex
Underfull \vbox (badness 10000) has occurred while \output is active []

 [16])
Underfull \vbox (badness 10000) has occurred while \output is active []

 [17])
(frontmatter/notation.tex [18]
Standing notation
) [19


] (generated/chapters.tex [1




] (chapters/01-Main.tex
Chapter 1
[2


] [3] [4] [5]
Overfull \hbox (9.98001pt too wide) in paragraph at lines 351--355
 \OT1/cmr/bx/n/10.95 2.3.KMS states are mea-sures.[] \OT1/cmr/m/n/10.95 Let $\O
ML/cmm/m/it/10.95 '$ \OT1/cmr/m/n/10.95 be a $(\OML/cmm/m/it/10.95 ^^[; ^^L\OT1
/cmr/m/n/10.95 )$-KMS state. Over $\U/msb/m/n/10.95 Q$ \OT1/cmr/m/n/10.95 one s
hows $\OML/cmm/m/it/10.95 '\OT1/cmr/m/n/10.95 (\OML/cmm/m/it/10.95 ^^V[]f^^V[]\
OT1/cmr/m/n/10.95 ) =
 []

[6] [7] [8] [9] [10] [11] [12] [13] [14] [15] [16] [17] [18]
<../figures/fig1_closed_vs_open_phase.pdf, id=1180, 448.80548pt x 206.07664pt>
File: ../figures/fig1_closed_vs_open_phase.pdf Graphic file (type pdf)
<use ../figures/fig1_closed_vs_open_phase.pdf>
Package pdftex.def Info: ../figures/fig1_closed_vs_open_phase.pdf  used on inpu
t line 1479.
(pdftex.def)             Requested size: 462.52757pt x 212.38708pt.
 [19] [20 <../figures/fig1_closed_vs_open_phase.pdf>]
<../figures/fig4_sophie_germain.pdf, id=1272, 460.03494pt x 206.20212pt>
File: ../figures/fig4_sophie_germain.pdf Graphic file (type pdf)
<use ../figures/fig4_sophie_germain.pdf>
Package pdftex.def Info: ../figures/fig4_sophie_germain.pdf  used on input line
 1597.
(pdftex.def)             Requested size: 462.52757pt x 207.31856pt.
 [21 <../figures/fig4_sophie_germain.pdf>]
[22] [23]) [24] [25


] (chapters/02-I.tex
Chapter 2
[26


] [27] [28] [29] [30]
Overfull \hbox (6.71199pt too wide) in paragraph at lines 412--419
\OT1/cmr/m/n/10.95 can-cel and $[][] \OML/cmm/m/it/10.95 `[] \OT1/cmr/m/n/10.95
 = \OML/cmm/m/it/10.95 w[]='\OT1/cmr/m/n/10.95 (\OML/cmm/m/it/10.95 M\OT1/cmr/m
/n/10.95 ) + \OML/cmm/m/it/10.95 O[]\OT1/cmr/m/n/10.95 (\OML/cmm/m/it/10.95 e[]
\OT1/cmr/m/n/10.95 )$. Hence $\OML/cmm/m/it/10.95 c[] \OT1/cmr/m/n/10.95 = [] [
][] [](\OML/cmm/m/it/10.95 a\OT1/cmr/m/n/10.95 ) + \OML/cmm/m/it/10.95 O[]\OT1/
cmr/m/n/10.95 (\OML/cmm/m/it/10.95 '\OT1/cmr/m/n/10.95 (\OML/cmm/m/it/10.95 M\O
T1/cmr/m/n/10.95 )\OML/cmm/m/it/10.95 e[]\OT1/cmr/m/n/10.95 )$,
 []

[31] [32] [33] [34] [35]
Underfull \vbox (badness 10000) has occurred while \output is active []

 [36])
(chapters/03-II.tex [37]
Chapter 3
[38


] [39] [40] [41] [42] [43] [44] [45] [46] [47] [48]) (chapters/04-III.tex
[49]
Chapter 4
[50


] [51] [52] [53] [54] [55]
Underfull \vbox (badness 10000) has occurred while \output is active []

 [56])
(chapters/05-XXXIX.tex [57]
Chapter 5
[58


]) (chapters/06-IV.tex [59]
Chapter 6
[60


] [61] [62] [63] [64] [65]
Underfull \vbox (badness 7631) has occurred while \output is active []

 [66])
(chapters/07-XXIX.tex [67]
Chapter 7
[68


] [69] [70]) (chapters/08-XXXIII.tex [71]
Chapter 8
[72


] [73]) (chapters/09-XXXVII.tex [74]
Chapter 9
[75


]) (chapters/10-XXX.tex [76]
Chapter 10
[77


] [78]) (chapters/11-XXXI.tex [79]
Chapter 11
[80


] [81]) (chapters/12-XXXII.tex [82]
Chapter 12
[83


] [84]) (chapters/13-XXXVIII.tex [85]
Chapter 13
[86


]) (chapters/14-V.tex [87]
Chapter 14
[88


] [89]
Overfull \hbox (1.10399pt too wide) in paragraph at lines 220--224
[][][]\OT1/cmr/m/sc/10.95 Theorem \OT1/cmr/m/n/10.95 2.3 (The num-ber op-er-a-t
ors are pro-jec-tions)\OT1/cmr/m/sc/10.95 . []$\OMS/cmsy/m/n/10.95 N[] \OT1/cmr
/m/n/10.95 = \OML/cmm/m/it/10.95 e[]$ \OT1/cmr/m/it/10.95 sat-is-fies $\OML/cmm
/m/it/10.95 e[] \OT1/cmr/m/n/10.95 = \OML/cmm/m/it/10.95 e[]$\OT1/cmr/m/it/10.9
5 , so $[]\OT1/cmr/m/n/10.95 (\OMS/cmsy/m/n/10.95 N[]\OT1/cmr/m/n/10.95 ) =
 []

[90] [91]
Overfull \hbox (5.08842pt too wide) in paragraph at lines 352--356
\OT1/cmr/m/it/10.95 many primes and de-pends only on the count-ing func-tion, t
hrough $\OML/cmm/m/it/10.95 ^^L[]\OT1/cmr/m/n/10.95 (\OML/cmm/m/it/10.95 S\OT1/
cmr/m/n/10.95 ) = [][] [] \OML/cmm/m/it/10.95 m= [] N\U/euf/m/n/10.95 p[]$\OT1/
cmr/m/it/10.95 .
 []

[92]
Overfull \hbox (16.1281pt too wide) in paragraph at lines 419--424
[][][]\OT1/cmr/m/sc/10.95 Theorem \OT1/cmr/m/n/10.95 5.2 (The two ex-po-nents a
re in-de-pen-dent)\OT1/cmr/m/sc/10.95 . []\OT1/cmr/m/it/10.95 Let $\OML/cmm/m/i
t/10.95 S$ \OT1/cmr/m/it/10.95 be a cas-cade set and $\OML/cmm/m/it/10.95 ^^M \
OMS/cmsy/m/n/10.95 2 []\OT1/cmr/m/n/10.95 1\OML/cmm/m/it/10.95 ; ^^L[]\OT1/cmr/
m/n/10.95 (\OML/cmm/m/it/10.95 P[]\OT1/cmr/m/n/10.95 )[]$\OT1/cmr/m/it/10.95 .
 []

[93]) [94] [95


] (chapters/15-VI.tex
Chapter 15
[96


]
Overfull \hbox (1.3522pt too wide) in paragraph at lines 124--127
[][][]\OT1/cmr/m/sc/10.95 Theorem \OT1/cmr/m/n/10.95 2.3 (Ma-trix Kaku-tani)\OT
1/cmr/m/sc/10.95 . []\OT1/cmr/m/it/10.95 Let $\OML/cmm/m/it/10.95 ^^Y[] \OT1/cm
r/m/n/10.95 = [][] \OML/cmm/m/it/10.95 ^^V[]$ \OT1/cmr/m/it/10.95 with $\OML/cm
m/m/it/10.95 t[] \OT1/cmr/m/n/10.95 = \OML/cmm/m/it/10.95 N\U/euf/m/n/10.95 p[]
$ \OT1/cmr/m/it/10.95 as in [Ch. []1[], Lem. 2.10],
 []

[97] [98]
Overfull \hbox (23.4576pt too wide) in paragraph at lines 264--270
\OT1/cmr/m/n/10.95 bounded by $\OML/cmm/m/it/10.95 n [][] [][] N\U/euf/m/n/10.9
5 p[] \OT1/cmr/m/n/10.95 = \OML/cmm/m/it/10.95 O[]\OT1/cmr/m/n/10.95 (1)$ for $
\OML/cmm/m/it/10.95 ^^L > \OT1/cmr/m/n/10.95 1\OML/cmm/m/it/10.95 =\OT1/cmr/m/n
/10.95 2$. Hence $\OMS/cmsy/m/n/10.95 < [] \OML/cmm/m/it/10.95 L[]\OT1/cmr/m/n/
10.95 (\OML/cmm/m/it/10.95 ^^L; ^^Z\OT1/cmr/m/n/10.95 ) = [][] \OML/cmm/m/it/10
.95 N\U/euf/m/n/10.95 p[]\OMS/cmsy/m/n/10.95 < [] \OML/cmm/m/it/10.95 ^^Z\OT1/c
mr/m/n/10.95 ([][]) +
 []

[99] [100] [101]) (chapters/16-VII.tex [102]
Chapter 16
[103


] [104] [105] [106] [107] [108]) (chapters/17-XXVII.tex [109]
Chapter 17
[110


] [111] [112] [113] [114] [115] [116] [117]) (chapters/18-XXXIV.tex
[118]
Chapter 18
[119


] [120]) (chapters/19-XXXVI.tex [121]
Chapter 19

Overfull \hbox (1.36908pt too wide) in paragraph at lines 47--49
[][][]\OT1/cmr/m/sc/10.95 Proposition \OT1/cmr/m/n/10.95 1.1 (Ex-act tran-si-ti
on law)\OT1/cmr/m/sc/10.95 . []\OT1/cmr/m/it/10.95 Un-der $\OML/cmm/m/it/10.95 
^^W[]$\OT1/cmr/m/it/10.95 , the chain at $\OML/cmm/m/it/10.95 p$ \OT1/cmr/m/it/
10.95 is a killed non-backtracking
 []

[122


] [123]) [124] [125


] (chapters/20-IX.tex
Chapter 20

Overfull \hbox (8.20728pt too wide) in paragraph at lines 50--53
[][][]\OT1/cmr/m/sc/10.95 Lemma \OT1/cmr/m/n/10.95 1.1 (Amenabil-ity)\OT1/cmr/m
/sc/10.95 . []$\OMS/cmsy/m/n/10.95 G[]$ \OT1/cmr/m/it/10.95 is a sec-ond count-
able ^^Setale groupoid with abelian, hence amenable,
 []

[126


] [127]
Overfull \hbox (2.15921pt too wide) in paragraph at lines 196--207
\OT1/cmr/m/n/10.95 (\OML/cmm/m/it/10.95 W[]\OT1/cmr/m/n/10.95 (\OMS/cmsy/m/n/10
.95 R[]\OML/cmm/m/it/10.95 ; ^^[[]\OT1/cmr/m/n/10.95 )\OML/cmm/m/it/10.95 ; L[]
\OT1/cmr/m/n/10.95 )$; $\OMS/cmsy/m/n/10.95 R[]$ \OT1/cmr/m/n/10.95 is amenable
 be-cause $\OML/cmm/m/it/10.95 M$ \OT1/cmr/m/n/10.95 is in-jec-tive, hence hy-p
er-fi-nite by Connes--Feldman--
 []

[128]
Overfull \hbox (9.88716pt too wide) in paragraph at lines 250--255
[][][]\OT1/cmr/m/sc/10.95 Theorem \OT1/cmr/m/n/10.95 5.3 (The in-clu-sion re-me
m-bers the or-der)\OT1/cmr/m/sc/10.95 . []\OT1/cmr/m/it/10.95 Let $\OT1/cmr/m/n
/10.95 ^^D[]$ \OT1/cmr/m/it/10.95 be fi-nite, let $\OML/cmm/m/it/10.95 M[] \OT1
/cmr/m/n/10.95 = \OML/cmm/m/it/10.95 ^^Y[]\OT1/cmr/m/n/10.95 (\OMS/cmsy/m/n/10.
95 A[]\OT1/cmr/m/n/10.95 )[] =
 []

[129]) (chapters/21-XIII.tex [130] [131]
Chapter 21
[132


] [133] [134] [135]
Overfull \hbox (11.22086pt too wide) in paragraph at lines 283--290
[][][]\OT1/cmr/m/sc/10.95 Remark \OT1/cmr/m/n/10.95 2.6 (The hy-pothe-ses)\OT1/
cmr/m/sc/10.95 . []\OT1/cmr/m/n/10.95 Norm-separation en-ters twice, in The-o-r
em []1.4[] and in Lemma []2.1[];
 []

[136]) (chapters/22-XIV.tex [137]
Chapter 22
[138


] [139] [140] [141]
Underfull \vbox (badness 10000) has occurred while \output is active []

 [142])
(chapters/23-XV.tex [143]
Chapter 23
[144


] [145] [146]) (chapters/24-XVI.tex [147]
Chapter 24
[148


]
Overfull \hbox (3.40761pt too wide) in paragraph at lines 98--102
\OT1/cmr/m/n/10.95 ues $\OMS/cmsy/m/n/10.95 ^^@\OT1/cmr/m/n/10.95 3\OML/cmm/m/i
t/10.95 :\OT1/cmr/m/n/10.95 5\OML/cmm/m/it/10.95 ;  \OMS/cmsy/m/n/10.95 ^^@\OT1
/cmr/m/n/10.95 12\OML/cmm/m/it/10.95 :\OT1/cmr/m/n/10.95 7\OML/cmm/m/it/10.95 ;
  \OMS/cmsy/m/n/10.95 ^^@\OT1/cmr/m/n/10.95 26\OML/cmm/m/it/10.95 :\OT1/cmr/m/n
/10.95 5\OML/cmm/m/it/10.95 ;  \OMS/cmsy/m/n/10.95 ^^@\OT1/cmr/m/n/10.95 54\OML
/cmm/m/it/10.95 :\OT1/cmr/m/n/10.95 2$ at $\OML/cmm/m/it/10.95 N\U/euf/m/n/10.9
5 b \OT1/cmr/m/n/10.95 = 10\OML/cmm/m/it/10.95 ; \OT1/cmr/m/n/10.95 10[]\OML/cm
m/m/it/10.95 ; \OT1/cmr/m/n/10.95 10[]\OML/cmm/m/it/10.95 ; \OT1/cmr/m/n/10.95 
10[]$; for $\OML/cmm/m/it/10.95 ^^L \OT1/cmr/m/n/10.95 = 2$, $\OMS/cmsy/m/n/10.
95 ^^@\OT1/cmr/m/n/10.95 17\OML/cmm/m/it/10.95 :\OT1/cmr/m/n/10.95 3\OML/cmm/m/
it/10.95 ;  \OMS/cmsy/m/n/10.95 ^^@\OT1/cmr/m/n/10.95 54\OML/cmm/m/it/10.95 :\O
T1/cmr/m/n/10.95 2\OML/cmm/m/it/10.95 ;  \OMS/cmsy/m/n/10.95 ^^@\OT1/cmr/m/n/10
.95 109\OML/cmm/m/it/10.95 :\OT1/cmr/m/n/10.95 4\OML/cmm/m/it/10.95 ;  \OMS/cms
y/m/n/10.95 ^^@\OT1/cmr/m/n/10.95 219\OML/cmm/m/it/10.95 :\OT1/cmr/m/n/10.95 9$
.
 []

[149] [150] [151]) [152] [153


] (chapters/25-X.tex
Chapter 25
[154


] [155] [156]
Overfull \hbox (4.92052pt too wide) in paragraph at lines 273--276
\OT1/cmr/m/n/10.95 mea-sured groupoid $(\OML/cmm/m/it/10.95 G \U/msb/m/n/10.95 
n \OT1/cmr/m/n/10.95 
\OML/cmm/m/it/10.95 ; ^^W[]\OT1/cmr/m/n/10.95 )$ is non-amenable; equiv-a-lentl
y, by Anantharaman-Delaroche
 []

[157]) (chapters/26-XI.tex [158]
Chapter 26
[159


] [160] [161] [162]) (chapters/27-XII.tex [163]
Chapter 27
[164


] [165] [166] [167]
Underfull \vbox (badness 4981) has occurred while \output is active []

 [168])
(chapters/28-XXI.tex [169]
Chapter 28
[170


]
Overfull \hbox (8.76155pt too wide) in paragraph at lines 139--140
[][][]\OT1/cmr/m/sc/10.95 Corollary \OT1/cmr/m/n/10.95 2.4 (Di-ver-gence at $\O
ML/cmm/m/it/10.95 ^^L \OT1/cmr/m/n/10.95 = 1$)\OT1/cmr/m/sc/10.95 . []\OT1/cmr/
m/it/10.95 For $\OML/cmm/m/it/10.95 S \OT1/cmr/m/n/10.95 = \OML/cmm/m/it/10.95 
P[]$ \OT1/cmr/m/it/10.95 and any cus-p-i-dal eigen-form $\OML/cmm/m/it/10.95 f$
\OT1/cmr/m/it/10.95 , $\OT1/cmr/m/n/10.95 ^^D[](\OML/cmm/m/it/10.95 ^^Y[]; P[]\
OT1/cmr/m/n/10.95 ) =
 []

[171] [172]) (chapters/29-XXVIII.tex [173]
Chapter 29
[174


] [175] [176] [177] [178]) [179] [180] [181


] (chapters/30-VIII.tex
Chapter 30

Underfull \vbox (badness 10000) has occurred while \output is active []

 [182


]
[183] [184] [185]
Overfull \hbox (2.41995pt too wide) in paragraph at lines 325--337
[]\OT1/cmr/m/n/10.95 Construct $\OML/cmm/m/it/10.95 K[]$ \OT1/cmr/m/n/10.95 in-
duc-tively, $\OML/cmm/m/it/10.95 K[]$ \OT1/cmr/m/n/10.95 an un-knot. Given the 
dis-joint tame knots $\OML/cmm/m/it/10.95 K[]; [] ; K[]$\OT1/cmr/m/n/10.95 ,
 []

[186] [187]
Overfull \hbox (4.80048pt too wide) in paragraph at lines 424--430
[]\OT1/cmr/m/it/10.95 If $\OML/cmm/m/it/10.95  $ \OT1/cmr/m/it/10.95 is triv-ia
l on $[][]$, then $\OML/cmm/m/it/10.95 ^^_ \OMS/cmsy/m/n/10.95 2 \OT1/cmr/m/n/1
0.95 ^^D[](\OML/cmm/m/it/10.95 M; \OMS/cmsy/m/n/10.95 L\OT1/cmr/m/n/10.95 )$ \O
T1/cmr/m/it/10.95 for ev-ery $\OML/cmm/m/it/10.95 ^^L > \OT1/cmr/m/n/10.95 0$\O
T1/cmr/m/it/10.95 . The char-ac-ters of $\OML/cmm/m/it/10.95 H[]\OT1/cmr/m/n/10
.95 (\OML/cmm/m/it/10.95 M\OT1/cmr/m/n/10.95 ; [])\OML/cmm/m/it/10.95 =[]$
 []

[188] [189] [190]) (chapters/31-XVII.tex [191]
Chapter 31
[192


] [193] [194] [195]
Overfull \hbox (34.96768pt too wide) detected at line 343
[]
 []

[196]) (chapters/32-XVIII.tex [197]
Chapter 32
[198


] [199] [200] [201]) (chapters/33-XIX.tex [202]
Chapter 33
[203


] [204] [205]) (chapters/34-XX.tex [206] [207]
Chapter 34
[208


]
Overfull \hbox (3.30785pt too wide) in paragraph at lines 58--61
\OT1/cmr/m/it/10.95 Consequently, when-ever $\OML/cmm/m/it/10.95 h\OT1/cmr/m/n/
10.95 (\OMS/cmsy/m/n/10.95 O\OT1/cmr/m/n/10.95 ) \OML/cmm/m/it/10.95 > \OT1/cmr
/m/n/10.95 1$ \OT1/cmr/m/it/10.95 there ex-ist $\OML/cmm/m/it/10.95 C[] \OMS/cm
sy/m/n/10.95 6[] \OML/cmm/m/it/10.95 C[]$ \OT1/cmr/m/it/10.95 over $\OMS/cmsy/m
/n/10.95 F[]$ \OT1/cmr/m/it/10.95 with $\OML/cmm/m/it/10.95 Z[] \OT1/cmr/m/n/10
.95 = \OML/cmm/m/it/10.95 Z[]$\OT1/cmr/m/it/10.95 , with $[]\OT1/cmr/m/n/10.95 
(\OML/cmm/m/it/10.95 C[]\OT1/cmr/m/n/10.95 )(\OMS/cmsy/m/n/10.95 F[]\OT1/cmr/m/
n/10.95 ) []
 []

[209] [210] [211]) [212] [213


] (chapters/35-XXII.tex
Chapter 35
[214


]
Overfull \hbox (21.00702pt too wide) in paragraph at lines 131--136
[][][]\OT1/cmr/m/sc/10.95 Corollary \OT1/cmr/m/n/10.95 3.2 (No $\OML/cmm/m/it/1
0.95 p$\OT1/cmr/m/n/10.95 -adic phase tran-si-tion)\OT1/cmr/m/sc/10.95 . []\OT1
/cmr/m/it/10.95 There is no $\OML/cmm/m/it/10.95 p$\OT1/cmr/m/it/10.95 -adic cr
it-i-cal ex-po-nent, no convergence--
 []

[215] [216] [217]) (chapters/36-XXIII.tex [218]
Chapter 36
[219


] [220] [221]
Underfull \vbox (badness 2707) has occurred while \output is active []

 [222])
[223] [224


] (chapters/37-XXIV.tex
Chapter 37
[225


] [226] [227]) (chapters/38-XXV.tex [228]
Chapter 38
[229


] [230] [231] [232]) (chapters/39-XXXV.tex [233]
Chapter 39
[234


] [235])) [236] (frontmatter/open_problems.tex
\chaptername  40
[237




]) (generated/bibliography.tex
Underfull \vbox (badness 10000) has occurred while \output is active []

 [238]
[239]
Bibliography

Underfull \hbox (badness 3646) in paragraph at lines 4--5
[]\OT1/cmr/m/n/9 C. Anantharaman-Delaroche, J. Re-nault, \OT1/cmr/m/it/9 Amenab
le Groupoids\OT1/cmr/m/n/9 , Mono-gra-phies de L'Enseignement
 []


Underfull \vbox (badness 10000) has occurred while \output is active []

 [240


]
Underfull \vbox (badness 10000) has occurred while \output is active []

 [241]
Underfull \vbox (badness 10000) has occurred while \output is active []

 [242])
[243] (localized-bost-connes.aux)
 ***********
LaTeX2e <2023-11-01> patch level 1
L3 programming layer <2024-01-04>
 ***********
 ) 
Here is how much of TeX's memory you used:
 25436 strings out of 474486
 464789 string characters out of 5743282
 1967542 words of memory out of 5000000
 45483 multiletter control sequences out of 15000+600000
 581920 words of font info for 126 fonts, out of 8000000 for 9000
 1302 hyphenation exceptions out of 8191
 84i,18n,93p,612b,806s stack positions out of 10000i,1000n,20000p,200000b,200000s
 <C:\Users\LAPPIE\AppData\Local\MiKTeX\fonts/pk/ljfour/jknappen/ec/dpi600\tct
i1095.pk> <C:\Users\LAPPIE\AppData\Local\MiKTeX\fonts/pk/ljfour/jknappen/ec/dpi
600\tcrm1000.pk> <C:\Users\LAPPIE\AppData\Local\MiKTeX\fonts/pk/ljfour/jknappen
/ec/dpi600\tcrm1095.pk><C:/Users/LAPPIE/AppData/Local/Programs/MiKTeX/fonts/typ
e1/public/amsfonts/cm/cmbx10.pfb><C:/Users/LAPPIE/AppData/Local/Programs/MiKTeX
/fonts/type1/public/amsfonts/cm/cmbx12.pfb><C:/Users/LAPPIE/AppData/Local/Progr
ams/MiKTeX/fonts/type1/public/amsfonts/cm/cmbxti10.pfb><C:/Users/LAPPIE/AppData
/Local/Programs/MiKTeX/fonts/type1/public/amsfonts/cm/cmcsc10.pfb><C:/Users/LAP
PIE/AppData/Local/Programs/MiKTeX/fonts/type1/public/amsfonts/cm/cmex10.pfb><C:
/Users/LAPPIE/AppData/Local/Programs/MiKTeX/fonts/type1/public/amsfonts/cmextra
/cmex7.pfb><C:/Users/LAPPIE/AppData/Local/Programs/MiKTeX/fonts/type1/public/am
sfonts/cmextra/cmex8.pfb><C:/Users/LAPPIE/AppData/Local/Programs/MiKTeX/fonts/t
ype1/public/amsfonts/cm/cmitt10.pfb><C:/Users/LAPPIE/AppData/Local/Programs/MiK
TeX/fonts/type1/public/amsfonts/cm/cmmi10.pfb><C:/Users/LAPPIE/AppData/Local/Pr
ograms/MiKTeX/fonts/type1/public/amsfonts/cm/cmmi12.pfb><C:/Users/LAPPIE/AppDat
a/Local/Programs/MiKTeX/fonts/type1/public/amsfonts/cm/cmmi5.pfb><C:/Users/LAPP
IE/AppData/Local/Programs/MiKTeX/fonts/type1/public/amsfonts/cm/cmmi6.pfb><C:/U
sers/LAPPIE/AppData/Local/Programs/MiKTeX/fonts/type1/public/amsfonts/cm/cmmi7.
pfb><C:/Users/LAPPIE/AppData/Local/Programs/MiKTeX/fonts/type1/public/amsfonts/
cm/cmmi8.pfb><C:/Users/LAPPIE/AppData/Local/Programs/MiKTeX/fonts/type1/public/
amsfonts/cm/cmmi9.pfb><C:/Users/LAPPIE/AppData/Local/Programs/MiKTeX/fonts/type
1/public/amsfonts/cm/cmr10.pfb><C:/Users/LAPPIE/AppData/Local/Programs/MiKTeX/f
onts/type1/public/amsfonts/cm/cmr12.pfb><C:/Users/LAPPIE/AppData/Local/Programs
/MiKTeX/fonts/type1/public/amsfonts/cm/cmr17.pfb><C:/Users/LAPPIE/AppData/Local
/Programs/MiKTeX/fonts/type1/public/amsfonts/cm/cmr5.pfb><C:/Users/LAPPIE/AppDa
ta/Local/Programs/MiKTeX/fonts/type1/public/amsfonts/cm/cmr6.pfb><C:/Users/LAPP
IE/AppData/Local/Programs/MiKTeX/fonts/type1/public/amsfonts/cm/cmr7.pfb><C:/Us
ers/LAPPIE/AppData/Local/Programs/MiKTeX/fonts/type1/public/amsfonts/cm/cmr8.pf
b><C:/Users/LAPPIE/AppData/Local/Programs/MiKTeX/fonts/type1/public/amsfonts/cm
/cmr9.pfb><C:/Users/LAPPIE/AppData/Local/Programs/MiKTeX/fonts/type1/public/ams
fonts/cm/cmsy10.pfb><C:/Users/LAPPIE/AppData/Local/Programs/MiKTeX/fonts/type1/
public/amsfonts/cm/cmsy5.pfb><C:/Users/LAPPIE/AppData/Local/Programs/MiKTeX/fon
ts/type1/public/amsfonts/cm/cmsy6.pfb><C:/Users/LAPPIE/AppData/Local/Programs/M
iKTeX/fonts/type1/public/amsfonts/cm/cmsy7.pfb><C:/Users/LAPPIE/AppData/Local/P
rograms/MiKTeX/fonts/type1/public/amsfonts/cm/cmsy8.pfb><C:/Users/LAPPIE/AppDat
a/Local/Programs/MiKTeX/fonts/type1/public/amsfonts/cm/cmsy9.pfb><C:/Users/LAPP
IE/AppData/Local/Programs/MiKTeX/fonts/type1/public/amsfonts/cm/cmti10.pfb><C:/
Users/LAPPIE/AppData/Local/Programs/MiKTeX/fonts/type1/public/amsfonts/cm/cmti8
.pfb><C:/Users/LAPPIE/AppData/Local/Programs/MiKTeX/fonts/type1/public/amsfonts
/cm/cmti9.pfb><C:/Users/LAPPIE/AppData/Local/Programs/MiKTeX/fonts/type1/public
/amsfonts/cm/cmtt10.pfb><C:/Users/LAPPIE/AppData/Local/Programs/MiKTeX/fonts/ty
pe1/public/amsfonts/cm/cmtt9.pfb><C:/Users/LAPPIE/AppData/Local/Programs/MiKTeX
/fonts/type1/public/amsfonts/euler/eufm10.pfb><C:/Users/LAPPIE/AppData/Local/Pr
ograms/MiKTeX/fonts/type1/public/amsfonts/euler/eufm5.pfb><C:/Users/LAPPIE/AppD
ata/Local/Programs/MiKTeX/fonts/type1/public/amsfonts/euler/eufm7.pfb><C:/Users
/LAPPIE/AppData/Local/Programs/MiKTeX/fonts/type1/public/amsfonts/symbols/msam1
0.pfb><C:/Users/LAPPIE/AppData/Local/Programs/MiKTeX/fonts/type1/public/amsfont
s/symbols/msbm10.pfb><C:/Users/LAPPIE/AppData/Local/Programs/MiKTeX/fonts/type1
/public/amsfonts/symbols/msbm5.pfb><C:/Users/LAPPIE/AppData/Local/Programs/MiKT
eX/fonts/type1/public/amsfonts/symbols/msbm7.pfb>
Output written on localized-bost-connes.pdf (262 pages, 2628503 bytes).
PDF statistics:
 5626 PDF objects out of 6186 (max. 8388607)
 1552 named destinations out of 1728 (max. 500000)
 23 words of extra memory for PDF output out of 10000 (max. 10000000)

